
===========================================================================
 report_power
============================================================================
======================= Fastest Corner ===================================

Group                  Internal  Switching    Leakage      Total
                          Power      Power      Power      Power (Watts)
----------------------------------------------------------------
Sequential             1.47e-05   1.10e-06   4.34e-11   1.58e-05  16.1%
Combinational          2.09e-06   4.50e-06   6.58e-11   6.59e-06   6.7%
Clock                  6.33e-05   1.25e-05   2.16e-09   7.58e-05  77.1%
Macro                  0.00e+00   0.00e+00   0.00e+00   0.00e+00   0.0%
Pad                    0.00e+00   0.00e+00   0.00e+00   0.00e+00   0.0%
----------------------------------------------------------------
Total                  8.01e-05   1.81e-05   2.27e-09   9.82e-05 100.0%
                          81.6%      18.4%       0.0%

======================= Slowest Corner ===================================

Group                  Internal  Switching    Leakage      Total
                          Power      Power      Power      Power (Watts)
----------------------------------------------------------------
Sequential             9.99e-06   7.39e-07   4.25e-08   1.08e-05  15.8%
Combinational          1.57e-06   3.00e-06   7.36e-08   4.64e-06   6.8%
Clock                  4.47e-05   8.18e-06   6.55e-08   5.29e-05  77.4%
Macro                  0.00e+00   0.00e+00   0.00e+00   0.00e+00   0.0%
Pad                    0.00e+00   0.00e+00   0.00e+00   0.00e+00   0.0%
----------------------------------------------------------------
Total                  5.62e-05   1.19e-05   1.82e-07   6.83e-05 100.0%
                          82.3%      17.4%       0.3%

======================= Typical Corner ===================================

Group                  Internal  Switching    Leakage      Total
                          Power      Power      Power      Power (Watts)
----------------------------------------------------------------
Sequential             1.27e-05   9.38e-07   2.49e-11   1.37e-05  16.1%
Combinational          1.90e-06   3.81e-06   4.46e-11   5.71e-06   6.7%
Clock                  5.50e-05   1.05e-05   2.00e-09   6.55e-05  77.2%
Macro                  0.00e+00   0.00e+00   0.00e+00   0.00e+00   0.0%
Pad                    0.00e+00   0.00e+00   0.00e+00   0.00e+00   0.0%
----------------------------------------------------------------
Total                  6.96e-05   1.53e-05   2.07e-09   8.49e-05 100.0%
                          82.0%      18.0%       0.0%

